Launching lib\main.dart on sdk gphone64 x86 64 in debug mode...
Running Gradle task 'assembleDebug'...                          
flutter : 
所在位置 行:1 字符: 1
+ flutter run 2>&1 | Tee-Object -FilePath build_output.txt
+ ~~~~~~~~~~~~~~~~
    + CategoryInfo          : NotSpecified: (:String) [], RemoteExcept 
   ion
    + FullyQualifiedErrorId : NativeCommandError
 
FAILURE: Build failed with an exception.

* Where:
Settings file 'D:\princip璁″垝\ai缈昏瘧\uyghur-translation-app1\android\sett
ings.gradle.kts' line: 20

* What went wrong:
Error resolving plugin [id: 'dev.flutter.flutter-plugin-loader', versio
n: '1.0.0']
> Included build 'D:\茅隆鹿莽聸庐\Development\Flutter-SDK\flutter\packages\fl
utter_tools\gradle' does not exist.

* Try:
> Run with --stacktrace option to get the stack trace.
> Run with --info or --debug option to get more log output.
> Run with --scan to get full insights.
> Get more help at https://help.gradle.org.

BUILD FAILED in 4s
Running Gradle task 'assembleDebug'...                              5.8s
Error: Gradle task assembleDebug failed with exit code 1
